101-86-crossing: 6 completed workers
101-86-n12-s1: 6 completed workers
101-86-n8-s0: 6 completed workers
101-86-ties: 6 completed workers
102-86-crossing: 1 completed workers
102-86-n12-s1: 1 completed workers
102-86-n8-s0: 1 completed workers
102-86-ties: 1 completed workers
103-91-n12-scaling-dense: 9 completed workers
103-91-n12-scaling-sparse: 9 completed workers
103-91-n8-wide-dense: 9 completed workers
103-91-n8-wide-sparse: 9 completed workers
104-86-crossing: 6 completed workers
104-86-n12-s1: 6 completed workers
104-86-n8-s0: 6 completed workers
104-86-ties: 6 completed workers
105-91-n12-scaling-dense: 12 completed workers
105-91-n12-scaling-sparse: 12 completed workers
105-91-n8-wide-dense: 12 completed workers
105-91-n8-wide-sparse: 12 completed workers
106-86-crossing: 1 completed workers
106-86-n12-s1: 1 completed workers
106-86-n8-s0: 1 completed workers
106-86-ties: 1 completed workers
107-91-n12-scaling-dense: 15 completed workers
107-91-n12-scaling-sparse: 15 completed workers
107-91-n8-wide-dense: 15 completed workers
107-91-n8-wide-sparse: 15 completed workers
108-86-crossing: 1 completed workers
108-86-n12-s1: 1 completed workers
108-86-n8-s0: 1 completed workers
108-86-ties: 1 completed workers
109-86-n12-s1: 9 completed workers
109-86-n8-s0: 9 completed workers
109-91-n12-scaling: 9 completed workers
109-91-n8-wide: 9 completed workers
110-held-9101-dense: 15 completed workers
110-held-9101-sparse: 15 completed workers
110-held-9102-dense: 15 completed workers
110-held-9102-sparse: 15 completed workers
