96-86-n8-s0 complete
96-86-n8-s1 complete
96-86-n12-s0 complete
96-86-n12-s1 complete
97-86-n8-s0 complete
97-86-n8-s1 complete
97-86-n12-s0 complete
97-86-n12-s1 complete
97-86-crossing complete
97-86-ties complete
98-86-n8-s0 complete
98-86-n8-s1 complete
98-86-n12-s0 complete
98-86-n12-s1 complete
98-86-crossing complete
98-86-ties complete
99-86-n8-s0 complete
99-86-n8-s1 complete
99-86-n12-s0 complete
99-86-n12-s1 complete
100-91-n8-wide-dense completed 12 timed paths
100-91-n8-wide-sparse completed 12 timed paths
100-91-n12-scaling-dense completed 12 timed paths
100-91-n12-scaling-sparse completed 12 timed paths
100-95-n10-zero-dense completed 12 timed paths
100-95-n10-zero-sparse completed 12 timed paths
100-95-negative_factor-dense completed 12 timed paths
100-95-negative_factor-sparse completed 12 timed paths
